tune2fs 1.42.9 (28-Dec-2013)
Filesystem volume name:   <none>
Last mounted on:          /home/iotest
Filesystem UUID:          d83da75f-bce0-4808-9825-38768caf3840
Filesystem magic number:  0xEF53
Filesystem revision #:    1 (dynamic)
Filesystem features:      has_journal ext_attr resize_inode dir_index filetype needs_recovery extent 64bit flex_bg sparse_super large_file huge_file uninit_bg dir_nlink extra_isize
Filesystem flags:         signed_directory_hash 
Default mount options:    user_xattr acl
Filesystem state:         clean
Errors behavior:          Continue
Filesystem OS type:       Linux
Inode count:              65552384
Block count:              262207027
Reserved block count:     13110351
Free blocks:              258039356
Free inodes:              65552373
First block:              0
Block size:               4096
Fragment size:            4096
Group descriptor size:    64
Reserved GDT blocks:      1024
Blocks per group:         32768
Fragments per group:      32768
Inodes per group:         8192
Inode blocks per group:   512
Flex block group size:    16
Filesystem created:       Tue Oct  9 19:27:39 2018
Last mount time:          Tue Oct  9 19:27:48 2018
Last write time:          Tue Oct  9 19:27:48 2018
Mount count:              1
Maximum mount count:      -1
Last checked:             Tue Oct  9 19:27:39 2018
Check interval:           0 (<none>)
Lifetime writes:          134 MB
Reserved blocks uid:      0 (user root)
Reserved blocks gid:      0 (group root)
First inode:              11
Inode size:	          256
Required extra isize:     28
Desired extra isize:      28
Journal inode:            8
Default directory hash:   half_md4
Directory Hash Seed:      94bc3ab1-b5d3-428d-b041-12b930863f2d
Journal backup:           inode blocks
